user@lubuntu:~/OC/lab4$ ./main.exe
Введите кол-во дочерних процессов:
-2
Количество дочерних процесов должно быть больше 0
user@lubuntu:~/OC/lab4$ ./main.exe
Введите кол-во дочерних процессов:
2
Введите предел последовательности:
-40
Предел последовательности должен быть больше 0
user@lubuntu:~/OC/lab4$ ./main.exe
Введите кол-во дочерних процессов:
2
Введите предел последовательности:
90
Введите имя файла: tr
Введите имя файла: fgd
user@lubuntu:~/OC/lab4$ cat tr
1 2 3 4 5 6 7 8 9 10 11 12 13 14 15 16 17 18 19 20 21 22 23 24 25 26 27 28 29 30 31 32 33 34 35 36 37 38 39 40 41 42 43 44 45 46 47 48 49 50 51 52 53 54 55 5657 58 59 60 61 62 63 64 65 66 67 68 69 70 71 72 73 74 75 76 77 78 79 80 81 82 83 84 85 86 87 88 89 90 user@lubuntu:~/OC/lab4$
user@lubuntu:~/OC/lab4$ cat fgd
1 2 3 4 5 6 7 8 9 10 11 12 13 14 15 16 17 18 19 20 21 22 23 24 25 26 27 28 29 30 31 32 33 34 35 36 37 38 39 40 41 42 43 44 45 46 47 48 49 50 51 52 53 54 55 5657 58 59 60 61 62 63 64 65 66 67 68 69 70 71 72 73 74 75 76 77 78 79 80 81 82 83 84 85 86 87 88 89 90 user@lubuntu:~/OC/lab4$
user@lubuntu:~/OC/lab4$ ./main.exe
Введите кол-во дочерних процессов:
5
Введите предел последовательности:
15
Введите имя файла: 1
Введите имя файла: 2
Введите имя файла: 3
Введите имя файла: 4
Введите имя файла: 5
user@lubuntu:~/OC/lab4$ cat 1
1 2 3 4 5 6 7 8 9 10 11 12 13 14 15 user@lubuntu:~/OC/lab4$
user@lubuntu:~/OC/lab4$ cat 2
1 2 3 4 5 6 7 8 9 10 11 12 13 14 15 user@lubuntu:~/OC/lab4$
user@lubuntu:~/OC/lab4$ cat 3
1 2 3 4 5 6 7 8 9 10 11 12 13 14 15 user@lubuntu:~/OC/lab4$
user@lubuntu:~/OC/lab4$ cat 4
1 2 3 4 5 6 7 8 9 10 11 12 13 14 15 user@lubuntu:~/OC/lab4$
user@lubuntu:~/OC/lab4$ cat 5
1 2 3 4 5 6 7 8 9 10 11 12 13 14 15 user@lubuntu:~/OC/lab4$
user@lubuntu:~/OC/lab4$


user@lubuntu:~/OC/lab4$ strace ./main.exe
execve("./main.exe", ["./main.exe"], [/* 46 vars */]) = 0
brk(NULL)                               = 0x2270000
access("/etc/ld.so.nohwcap", F_OK)      = -1 ENOENT (No such file or directory)
access("/etc/ld.so.preload", R_OK)      = -1 ENOENT (No such file or directory)
open("/etc/ld.so.cache", O_RDONLY|O_CLOEXEC) = 3
fstat(3, {st_mode=S_IFREG|0644, st_size=83709, ...}) = 0
mmap(NULL, 83709, PROT_READ, MAP_PRIVATE, 3, 0) = 0x7f1e005cf000
close(3)                                = 0
access("/etc/ld.so.nohwcap", F_OK)      = -1 ENOENT (No such file or directory)
open("/lib/x86_64-linux-gnu/libpthread.so.0", O_RDONLY|O_CLOEXEC) = 3
read(3, "\177ELF\2\1\1\0\0\0\0\0\0\0\0\0\3\0>\0\1\0\0\0\260`\0\0\0\0\0\0"..., 832) = 832
fstat(3, {st_mode=S_IFREG|0755, st_size=138696, ...}) = 0
mmap(NULL, 4096, PROT_READ|PROT_WRITE, MAP_PRIVATE|MAP_ANONYMOUS, -1, 0) = 0x7f1e005ce000
mmap(NULL, 2212904, PROT_READ|PROT_EXEC, MAP_PRIVATE|MAP_DENYWRITE, 3, 0) = 0x7f1e001a2000
mprotect(0x7f1e001ba000, 2093056, PROT_NONE) = 0
mmap(0x7f1e003b9000, 8192, PROT_READ|PROT_WRITE, MAP_PRIVATE|MAP_FIXED|MAP_DENYWRITE, 3, 0x17000) = 0x7f1e003b9000
mmap(0x7f1e003bb000, 13352, PROT_READ|PROT_WRITE, MAP_PRIVATE|MAP_FIXED|MAP_ANONYMOUS, -1, 0) = 0x7f1e003bb000
close(3)                                = 0
access("/etc/ld.so.nohwcap", F_OK)      = -1 ENOENT (No such file or directory)
open("/lib/x86_64-linux-gnu/libc.so.6", O_RDONLY|O_CLOEXEC) = 3
read(3, "\177ELF\2\1\1\3\0\0\0\0\0\0\0\0\3\0>\0\1\0\0\0P\t\2\0\0\0\0\0"..., 832) = 832
fstat(3, {st_mode=S_IFREG|0755, st_size=1868984, ...}) = 0
mmap(NULL, 3971488, PROT_READ|PROT_EXEC, MAP_PRIVATE|MAP_DENYWRITE, 3, 0) = 0x7f1dffdd8000
mprotect(0x7f1dfff98000, 2097152, PROT_NONE) = 0
mmap(0x7f1e00198000, 24576, PROT_READ|PROT_WRITE, MAP_PRIVATE|MAP_FIXED|MAP_DENYWRITE, 3, 0x1c0000) = 0x7f1e00198000
mmap(0x7f1e0019e000, 14752, PROT_READ|PROT_WRITE, MAP_PRIVATE|MAP_FIXED|MAP_ANONYMOUS, -1, 0) = 0x7f1e0019e000
close(3)                                = 0
mmap(NULL, 4096, PROT_READ|PROT_WRITE, MAP_PRIVATE|MAP_ANONYMOUS, -1, 0) = 0x7f1e005cd000
mmap(NULL, 4096, PROT_READ|PROT_WRITE, MAP_PRIVATE|MAP_ANONYMOUS, -1, 0) = 0x7f1e005cc000
mmap(NULL, 4096, PROT_READ|PROT_WRITE, MAP_PRIVATE|MAP_ANONYMOUS, -1, 0) = 0x7f1e005cb000
arch_prctl(ARCH_SET_FS, 0x7f1e005cc700) = 0
mprotect(0x7f1e00198000, 16384, PROT_READ) = 0
mprotect(0x7f1e003b9000, 4096, PROT_READ) = 0
mprotect(0x601000, 4096, PROT_READ)     = 0
mprotect(0x7f1e005e4000, 4096, PROT_READ) = 0
munmap(0x7f1e005cf000, 83709)           = 0
set_tid_address(0x7f1e005cc9d0)         = 2996
set_robust_list(0x7f1e005cc9e0, 24)     = 0
rt_sigaction(SIGRTMIN, {0x7f1e001a7b50, [], SA_RESTORER|SA_SIGINFO, 0x7f1e001b3390}, NULL, 8) = 0
rt_sigaction(SIGRT_1, {0x7f1e001a7be0, [], SA_RESTORER|SA_RESTART|SA_SIGINFO, 0x7f1e001b3390}, NULL, 8) = 0
rt_sigprocmask(SIG_UNBLOCK, [RTMIN RT_1], NULL, 8) = 0
getrlimit(RLIMIT_STACK, {rlim_cur=8192*1024, rlim_max=RLIM64_INFINITY}) = 0
fstat(1, {st_mode=S_IFCHR|0620, st_rdev=makedev(136, 0), ...}) = 0
brk(NULL)                               = 0x2270000
brk(0x2291000)                          = 0x2291000
write(1, "\320\222\320\262\320\265\320\264\320\270\321\202\320\265 \320\272\320\276\320\273-\320\262\320\276 \320\264\320\276\321"..., 65Введите кол-во дочерних процессов:
) = 65
fstat(0, {st_mode=S_IFCHR|0620, st_rdev=makedev(136, 0), ...}) = 0
read(0, 2
"2\n", 1024)                    = 2
write(1, "\320\222\320\262\320\265\320\264\320\270\321\202\320\265 \320\277\321\200\320\265\320\264\320\265\320\273 \320\277\320\276"..., 67Введите предел последовательности:
) = 67
read(0, 20
"20\n", 1024)                   = 3
open("file", O_RDWR|O_CREAT, 03761700006363620) = 3
ftruncate(3, 337)                       = 0
mmap(NULL, 337, PROT_READ|PROT_WRITE, MAP_SHARED, 3, 0) = 0x7f1e005e3000
statfs("/dev/shm/", {f_type="TMPFS_MAGIC", f_bsize=4096, f_blocks=505758, f_bfree=495076, f_bavail=495076, f_files=505758, f_ffree=505634, f_fsid={0, 0}, f_namelen=255, f_frsize=4096, f_flags=38}) = 0
futex(0x7f1e003be310, FUTEX_WAKE_PRIVATE, 2147483647) = 0
open("/dev/shm/sem.semaphore", O_RDWR|O_NOFOLLOW) = 5
fstat(5, {st_mode=S_IFREG|0775, st_size=32, ...}) = 0
mmap(NULL, 32, PROT_READ|PROT_WRITE, MAP_SHARED, 5, 0) = 0x7f1e005e2000
close(5)                                = 0
close(3)                                = 0
clone(child_stack=0, flags=CLONE_CHILD_CLEARTID|CLONE_CHILD_SETTID|SIGCHLD, child_tidptr=0x7f1e005cc9d0) = 3014
write(1, "\320\222\320\262\320\265\320\264\320\270\321\202\320\265 \320\270\320\274\321\217 \321\204\320\260\320\271\320\273\320\260"..., 34Введите имя файла:) = 34
read(0, ghj
"ghj\n", 1024)                  = 4
futex(0x7f1e005e2000, FUTEX_WAKE, 1)    = 1
wait4(-1, [{WIFEXITED(s) && WEXITSTATUS(s) == 0}], 0, NULL) = 3014
--- SIGCHLD {si_signo=SIGCHLD, si_code=CLD_EXITED, si_pid=3014, si_uid=1000, si_status=0, si_utime=0, si_stime=0} ---
clone(child_stack=0, flags=CLONE_CHILD_CLEARTID|CLONE_CHILD_SETTID|SIGCHLD, child_tidptr=0x7f1e005cc9d0) = 3016
write(1, "\320\222\320\262\320\265\320\264\320\270\321\202\320\265 \320\270\320\274\321\217 \321\204\320\260\320\271\320\273\320\260"..., 34Введите имя файла:) = 34
read(0, bnm
"bnm\n", 1024)                  = 4
futex(0x7f1e005e2000, FUTEX_WAKE, 1)    = 1
wait4(-1, [{WIFEXITED(s) && WEXITSTATUS(s) == 0}], 0, NULL) = 3016
--- SIGCHLD {si_signo=SIGCHLD, si_code=CLD_EXITED, si_pid=3016, si_uid=1000, si_status=0, si_utime=0, si_stime=0} ---
munmap(0x7f1e005e3000, 337)             = 0
munmap(0x7f1e005e2000, 32)              = 0
lseek(0, -1, SEEK_CUR)                  = -1 ESPIPE (Illegal seek)
exit_group(0)                           = ?
+++ exited with 0 +++
user@lubuntu:~/OC/lab4$